10.0.4.23 - - [25/Apr/2026:08:00:08 +0000] "GET /api/orders HTTP/1.1" 200 5357 "-" "Mozilla/5.0" rt=218ms
10.0.1.130 - - [25/Apr/2026:08:00:20 +0000] "GET /api/checkout HTTP/1.1" 200 5640 "-" "Mozilla/5.0" rt=73ms
10.0.5.27 - - [25/Apr/2026:08:00:43 +0000] "POST /api/products HTTP/1.1" 200 4525 "-" "Mozilla/5.0" rt=191ms
10.0.1.130 - - [25/Apr/2026:08:00:51 +0000] "GET /healthz HTTP/1.1" 200 7730 "-" "Mozilla/5.0" rt=168ms
10.0.1.181 - - [25/Apr/2026:08:01:14 +0000] "POST /api/cart HTTP/1.1" 200 7054 "-" "Mozilla/5.0" rt=201ms
10.0.1.36 - - [25/Apr/2026:08:01:39 +0000] "GET /api/cart HTTP/1.1" 200 3436 "-" "Mozilla/5.0" rt=73ms
10.0.5.167 - - [25/Apr/2026:08:01:42 +0000] "POST /api/products HTTP/1.1" 200 1891 "-" "Mozilla/5.0" rt=172ms
10.0.0.92 - - [25/Apr/2026:08:01:58 +0000] "GET /api/cart HTTP/1.1" 200 2319 "-" "Mozilla/5.0" rt=40ms
10.0.1.181 - - [25/Apr/2026:08:02:06 +0000] "GET /api/users HTTP/1.1" 500 4938 "-" "Mozilla/5.0" rt=3754ms
10.0.5.59 - - [25/Apr/2026:08:02:35 +0000] "GET /api/orders HTTP/1.1" 200 1283 "-" "Mozilla/5.0" rt=135ms
10.0.5.190 - - [25/Apr/2026:08:02:51 +0000] "GET /api/checkout HTTP/1.1" 200 1402 "-" "Mozilla/5.0" rt=165ms
10.0.2.207 - - [25/Apr/2026:08:02:57 +0000] "GET /api/products HTTP/1.1" 200 3276 "-" "Mozilla/5.0" rt=157ms
10.0.5.159 - - [25/Apr/2026:08:03:12 +0000] "GET /static/main.css HTTP/1.1" 200 5722 "-" "Mozilla/5.0" rt=189ms
10.0.2.148 - - [25/Apr/2026:08:03:16 +0000] "GET /api/checkout HTTP/1.1" 500 5400 "-" "Mozilla/5.0" rt=3393ms
10.0.0.195 - - [25/Apr/2026:08:03:20 +0000] "GET /api/orders HTTP/1.1" 200 176 "-" "Mozilla/5.0" rt=249ms
10.0.3.151 - - [25/Apr/2026:08:03:44 +0000] "PUT /api/users HTTP/1.1" 200 4308 "-" "Mozilla/5.0" rt=238ms
10.0.1.179 - - [25/Apr/2026:08:03:48 +0000] "POST /api/products HTTP/1.1" 200 5138 "-" "Mozilla/5.0" rt=55ms
10.0.2.27 - - [25/Apr/2026:08:03:53 +0000] "GET /api/checkout HTTP/1.1" 200 7961 "-" "Mozilla/5.0" rt=204ms
10.0.5.159 - - [25/Apr/2026:08:04:23 +0000] "GET /api/users HTTP/1.1" 200 4152 "-" "Mozilla/5.0" rt=9ms
10.0.2.27 - - [25/Apr/2026:08:04:27 +0000] "GET /api/products HTTP/1.1" 200 624 "-" "Mozilla/5.0" rt=66ms
10.0.0.12 - - [25/Apr/2026:08:04:56 +0000] "GET /api/auth/login HTTP/1.1" 404 4131 "-" "Mozilla/5.0" rt=213ms
10.0.2.148 - - [25/Apr/2026:08:04:59 +0000] "GET /api/checkout HTTP/1.1" 200 5554 "-" "Mozilla/5.0" rt=126ms
10.0.1.130 - - [25/Apr/2026:08:05:17 +0000] "GET /static/main.css HTTP/1.1" 200 3616 "-" "Mozilla/5.0" rt=59ms
10.0.2.148 - - [25/Apr/2026:08:05:47 +0000] "POST /api/checkout HTTP/1.1" 301 1797 "-" "Mozilla/5.0" rt=187ms
10.0.0.92 - - [25/Apr/2026:08:05:57 +0000] "POST /api/cart HTTP/1.1" 200 3738 "-" "Mozilla/5.0" rt=235ms
10.0.0.187 - - [25/Apr/2026:08:06:14 +0000] "GET /api/auth/login HTTP/1.1" 200 674 "-" "Mozilla/5.0" rt=91ms
10.0.5.59 - - [25/Apr/2026:08:06:15 +0000] "GET /api/users HTTP/1.1" 200 1954 "-" "Mozilla/5.0" rt=6ms
10.0.1.36 - - [25/Apr/2026:08:06:18 +0000] "GET /api/cart HTTP/1.1" 200 7192 "-" "Mozilla/5.0" rt=89ms
10.0.4.76 - - [25/Apr/2026:08:06:21 +0000] "GET /api/cart HTTP/1.1" 301 4126 "-" "Mozilla/5.0" rt=59ms
10.0.0.8 - - [25/Apr/2026:08:06:39 +0000] "GET /api/products HTTP/1.1" 200 4022 "-" "Mozilla/5.0" rt=67ms
10.0.0.250 - - [25/Apr/2026:08:07:05 +0000] "GET /api/checkout HTTP/1.1" 200 922 "-" "Mozilla/5.0" rt=29ms
10.0.2.207 - - [25/Apr/2026:08:07:27 +0000] "GET /api/checkout HTTP/1.1" 200 3975 "-" "Mozilla/5.0" rt=226ms
10.0.1.36 - - [25/Apr/2026:08:07:51 +0000] "POST /api/cart HTTP/1.1" 200 956 "-" "Mozilla/5.0" rt=20ms
10.0.2.40 - - [25/Apr/2026:08:08:04 +0000] "GET /api/checkout HTTP/1.1" 200 1719 "-" "Mozilla/5.0" rt=53ms
10.0.0.187 - - [25/Apr/2026:08:08:22 +0000] "GET /api/products HTTP/1.1" 200 2431 "-" "Mozilla/5.0" rt=123ms
10.0.5.27 - - [25/Apr/2026:08:08:30 +0000] "GET /healthz HTTP/1.1" 200 564 "-" "Mozilla/5.0" rt=171ms
10.0.5.29 - - [25/Apr/2026:08:08:48 +0000] "PUT /api/auth/login HTTP/1.1" 200 1512 "-" "Mozilla/5.0" rt=109ms
10.0.0.250 - - [25/Apr/2026:08:09:04 +0000] "GET /api/cart HTTP/1.1" 200 1498 "-" "Mozilla/5.0" rt=102ms
10.0.0.98 - - [25/Apr/2026:08:09:05 +0000] "GET /static/main.css HTTP/1.1" 200 3615 "-" "Mozilla/5.0" rt=183ms
10.0.1.181 - - [25/Apr/2026:08:09:29 +0000] "POST /api/cart HTTP/1.1" 200 1418 "-" "Mozilla/5.0" rt=53ms
10.0.5.167 - - [25/Apr/2026:08:09:39 +0000] "GET /api/users HTTP/1.1" 404 4591 "-" "Mozilla/5.0" rt=20ms
10.0.3.88 - - [25/Apr/2026:08:10:03 +0000] "GET /api/users HTTP/1.1" 200 4055 "-" "Mozilla/5.0" rt=133ms
10.0.5.159 - - [25/Apr/2026:08:10:33 +0000] "GET /api/products HTTP/1.1" 200 806 "-" "Mozilla/5.0" rt=222ms
10.0.5.27 - - [25/Apr/2026:08:10:39 +0000] "GET /api/products HTTP/1.1" 301 7210 "-" "Mozilla/5.0" rt=65ms
10.0.4.109 - - [25/Apr/2026:08:10:52 +0000] "GET /api/products HTTP/1.1" 200 5020 "-" "Mozilla/5.0" rt=15ms
10.0.5.190 - - [25/Apr/2026:08:11:12 +0000] "POST /api/orders HTTP/1.1" 200 4780 "-" "Mozilla/5.0" rt=138ms
10.0.3.151 - - [25/Apr/2026:08:11:23 +0000] "POST /api/cart HTTP/1.1" 404 2723 "-" "Mozilla/5.0" rt=66ms
10.0.0.92 - - [25/Apr/2026:08:11:32 +0000] "POST /api/products HTTP/1.1" 200 2607 "-" "Mozilla/5.0" rt=122ms
10.0.5.27 - - [25/Apr/2026:08:11:43 +0000] "GET /api/users HTTP/1.1" 200 4762 "-" "Mozilla/5.0" rt=30ms
10.0.2.148 - - [25/Apr/2026:08:11:46 +0000] "GET /api/cart HTTP/1.1" 200 1235 "-" "Mozilla/5.0" rt=243ms
10.0.5.27 - - [25/Apr/2026:08:11:58 +0000] "GET /api/cart HTTP/1.1" 200 1442 "-" "Mozilla/5.0" rt=117ms
10.0.2.148 - - [25/Apr/2026:08:12:25 +0000] "GET /api/products HTTP/1.1" 200 6761 "-" "Mozilla/5.0" rt=172ms
10.0.5.29 - - [25/Apr/2026:08:12:42 +0000] "GET /api/cart HTTP/1.1" 200 7782 "-" "Mozilla/5.0" rt=174ms
10.0.0.8 - - [25/Apr/2026:08:12:46 +0000] "GET /static/main.css HTTP/1.1" 200 6231 "-" "Mozilla/5.0" rt=146ms
10.0.2.208 - - [25/Apr/2026:08:12:51 +0000] "GET /static/main.css HTTP/1.1" 200 6028 "-" "Mozilla/5.0" rt=92ms
10.0.3.151 - - [25/Apr/2026:08:12:58 +0000] "GET /api/users HTTP/1.1" 200 7566 "-" "Mozilla/5.0" rt=237ms
10.0.1.36 - - [25/Apr/2026:08:13:26 +0000] "POST /api/auth/login HTTP/1.1" 200 6944 "-" "Mozilla/5.0" rt=75ms
10.0.5.29 - - [25/Apr/2026:08:13:28 +0000] "DELETE /api/checkout HTTP/1.1" 200 5369 "-" "Mozilla/5.0" rt=72ms
10.0.0.187 - - [25/Apr/2026:08:13:34 +0000] "POST /api/users HTTP/1.1" 200 4744 "-" "Mozilla/5.0" rt=7ms
10.0.5.27 - - [25/Apr/2026:08:13:38 +0000] "GET /api/products HTTP/1.1" 200 445 "-" "Mozilla/5.0" rt=218ms
10.0.5.59 - - [25/Apr/2026:08:13:50 +0000] "GET /api/users HTTP/1.1" 200 1194 "-" "Mozilla/5.0" rt=15ms
10.0.2.27 - - [25/Apr/2026:08:14:00 +0000] "GET /api/checkout HTTP/1.1" 200 1870 "-" "Mozilla/5.0" rt=179ms
10.0.4.23 - - [25/Apr/2026:08:14:08 +0000] "DELETE /api/checkout HTTP/1.1" 200 7392 "-" "Mozilla/5.0" rt=228ms
10.0.0.219 - - [25/Apr/2026:08:14:22 +0000] "GET /api/products HTTP/1.1" 200 7232 "-" "Mozilla/5.0" rt=46ms
10.0.4.7 - - [25/Apr/2026:08:14:48 +0000] "GET /api/orders HTTP/1.1" 200 6183 "-" "Mozilla/5.0" rt=241ms
10.0.2.155 - - [25/Apr/2026:08:14:59 +0000] "POST /api/checkout HTTP/1.1" 404 6791 "-" "Mozilla/5.0" rt=68ms
10.0.1.130 - - [25/Apr/2026:08:15:08 +0000] "POST /api/checkout HTTP/1.1" 200 3283 "-" "Mozilla/5.0" rt=228ms
10.0.0.250 - - [25/Apr/2026:08:15:10 +0000] "GET /api/cart HTTP/1.1" 200 3014 "-" "Mozilla/5.0" rt=83ms
10.0.5.140 - - [25/Apr/2026:08:15:37 +0000] "GET /api/cart HTTP/1.1" 200 1732 "-" "Mozilla/5.0" rt=107ms
10.0.2.208 - - [25/Apr/2026:08:15:48 +0000] "GET /api/products HTTP/1.1" 500 2436 "-" "Mozilla/5.0" rt=3438ms
10.0.4.76 - - [25/Apr/2026:08:16:09 +0000] "POST /api/orders HTTP/1.1" 200 2862 "-" "Mozilla/5.0" rt=245ms
10.0.4.109 - - [25/Apr/2026:08:16:10 +0000] "GET /static/main.css HTTP/1.1" 200 2324 "-" "Mozilla/5.0" rt=14ms
10.0.2.253 - - [25/Apr/2026:08:16:14 +0000] "GET /api/orders HTTP/1.1" 404 6592 "-" "Mozilla/5.0" rt=85ms
10.0.2.253 - - [25/Apr/2026:08:16:28 +0000] "GET /api/users HTTP/1.1" 200 7518 "-" "Mozilla/5.0" rt=152ms
10.0.3.151 - - [25/Apr/2026:08:16:35 +0000] "POST /api/users HTTP/1.1" 200 163 "-" "Mozilla/5.0" rt=138ms
10.0.2.148 - - [25/Apr/2026:08:17:05 +0000] "POST /api/cart HTTP/1.1" 404 6187 "-" "Mozilla/5.0" rt=176ms
10.0.2.27 - - [25/Apr/2026:08:17:12 +0000] "GET /api/orders HTTP/1.1" 301 7692 "-" "Mozilla/5.0" rt=89ms
10.0.3.88 - - [25/Apr/2026:08:17:32 +0000] "GET /api/cart HTTP/1.1" 404 7523 "-" "Mozilla/5.0" rt=81ms
10.0.1.179 - - [25/Apr/2026:08:17:49 +0000] "GET /api/cart HTTP/1.1" 200 3446 "-" "Mozilla/5.0" rt=183ms
10.0.1.181 - - [25/Apr/2026:08:17:59 +0000] "GET /api/products HTTP/1.1" 200 5597 "-" "Mozilla/5.0" rt=245ms
10.0.4.7 - - [25/Apr/2026:08:18:12 +0000] "GET /api/products HTTP/1.1" 200 3476 "-" "Mozilla/5.0" rt=145ms
10.0.5.29 - - [25/Apr/2026:08:18:39 +0000] "GET /static/main.css HTTP/1.1" 200 3671 "-" "Mozilla/5.0" rt=206ms
10.0.2.253 - - [25/Apr/2026:08:18:58 +0000] "GET /api/cart HTTP/1.1" 200 3769 "-" "Mozilla/5.0" rt=118ms
10.0.5.167 - - [25/Apr/2026:08:19:20 +0000] "GET /api/users HTTP/1.1" 404 1540 "-" "Mozilla/5.0" rt=173ms
10.0.0.195 - - [25/Apr/2026:08:19:23 +0000] "POST /api/users HTTP/1.1" 200 5222 "-" "Mozilla/5.0" rt=90ms
10.0.3.57 - - [25/Apr/2026:08:19:26 +0000] "GET /api/cart HTTP/1.1" 200 6757 "-" "Mozilla/5.0" rt=55ms
10.0.0.190 - - [25/Apr/2026:08:19:31 +0000] "GET /api/users HTTP/1.1" 200 5157 "-" "Mozilla/5.0" rt=222ms
10.0.5.27 - - [25/Apr/2026:08:19:56 +0000] "GET /healthz HTTP/1.1" 200 4865 "-" "Mozilla/5.0" rt=54ms
10.0.0.98 - - [25/Apr/2026:08:20:19 +0000] "GET /healthz HTTP/1.1" 200 1358 "-" "Mozilla/5.0" rt=172ms
10.0.5.29 - - [25/Apr/2026:08:20:42 +0000] "DELETE /api/checkout HTTP/1.1" 200 6526 "-" "Mozilla/5.0" rt=113ms
10.0.4.7 - - [25/Apr/2026:08:20:50 +0000] "POST /api/checkout HTTP/1.1" 200 3955 "-" "Mozilla/5.0" rt=17ms
10.0.3.57 - - [25/Apr/2026:08:21:08 +0000] "GET /api/products HTTP/1.1" 200 1242 "-" "Mozilla/5.0" rt=210ms
10.0.5.159 - - [25/Apr/2026:08:21:23 +0000] "GET /api/users HTTP/1.1" 200 7932 "-" "Mozilla/5.0" rt=198ms
10.0.0.187 - - [25/Apr/2026:08:21:52 +0000] "POST /api/products HTTP/1.1" 200 3645 "-" "Mozilla/5.0" rt=217ms
10.0.1.181 - - [25/Apr/2026:08:22:22 +0000] "GET /healthz HTTP/1.1" 500 7207 "-" "Mozilla/5.0" rt=3944ms
10.0.3.151 - - [25/Apr/2026:08:22:37 +0000] "GET /api/checkout HTTP/1.1" 200 2421 "-" "Mozilla/5.0" rt=201ms
10.0.5.159 - - [25/Apr/2026:08:23:02 +0000] "POST /healthz HTTP/1.1" 200 2399 "-" "Mozilla/5.0" rt=117ms
10.0.0.195 - - [25/Apr/2026:08:23:05 +0000] "GET /api/cart HTTP/1.1" 200 2769 "-" "Mozilla/5.0" rt=233ms
10.0.5.190 - - [25/Apr/2026:08:23:23 +0000] "GET /api/products HTTP/1.1" 200 3287 "-" "Mozilla/5.0" rt=182ms
10.0.5.167 - - [25/Apr/2026:08:23:28 +0000] "GET /api/auth/login HTTP/1.1" 200 2860 "-" "Mozilla/5.0" rt=143ms
10.0.2.155 - - [25/Apr/2026:08:23:43 +0000] "GET /api/users HTTP/1.1" 200 3340 "-" "Mozilla/5.0" rt=236ms
10.0.5.59 - - [25/Apr/2026:08:24:08 +0000] "GET /api/products HTTP/1.1" 500 4866 "-" "Mozilla/5.0" rt=3558ms
10.0.5.29 - - [25/Apr/2026:08:24:24 +0000] "GET /api/checkout HTTP/1.1" 500 3344 "-" "Mozilla/5.0" rt=3716ms
10.0.2.148 - - [25/Apr/2026:08:24:42 +0000] "GET /api/checkout HTTP/1.1" 200 4149 "-" "Mozilla/5.0" rt=61ms
10.0.2.207 - - [25/Apr/2026:08:24:51 +0000] "GET /healthz HTTP/1.1" 200 2903 "-" "Mozilla/5.0" rt=176ms
10.0.0.92 - - [25/Apr/2026:08:25:13 +0000] "GET /api/products HTTP/1.1" 200 7682 "-" "Mozilla/5.0" rt=37ms
10.0.2.148 - - [25/Apr/2026:08:25:33 +0000] "GET /api/users HTTP/1.1" 200 4773 "-" "Mozilla/5.0" rt=174ms
10.0.5.190 - - [25/Apr/2026:08:25:34 +0000] "GET /api/cart HTTP/1.1" 200 7251 "-" "Mozilla/5.0" rt=123ms
10.0.1.36 - - [25/Apr/2026:08:25:40 +0000] "GET /static/main.css HTTP/1.1" 200 1883 "-" "Mozilla/5.0" rt=121ms
10.0.2.40 - - [25/Apr/2026:08:25:51 +0000] "GET /api/checkout HTTP/1.1" 200 6310 "-" "Mozilla/5.0" rt=248ms
10.0.2.155 - - [25/Apr/2026:08:26:18 +0000] "GET /static/main.css HTTP/1.1" 200 308 "-" "Mozilla/5.0" rt=196ms
10.0.1.36 - - [25/Apr/2026:08:26:36 +0000] "GET /api/checkout HTTP/1.1" 200 712 "-" "Mozilla/5.0" rt=204ms
10.0.2.63 - - [25/Apr/2026:08:26:57 +0000] "GET /api/checkout HTTP/1.1" 200 1783 "-" "Mozilla/5.0" rt=219ms
10.0.0.219 - - [25/Apr/2026:08:26:58 +0000] "GET /api/products HTTP/1.1" 200 4029 "-" "Mozilla/5.0" rt=176ms
10.0.0.12 - - [25/Apr/2026:08:27:02 +0000] "GET /api/cart HTTP/1.1" 301 2249 "-" "Mozilla/5.0" rt=201ms
10.0.1.130 - - [25/Apr/2026:08:27:14 +0000] "GET /api/products HTTP/1.1" 500 6034 "-" "Mozilla/5.0" rt=2469ms
10.0.1.130 - - [25/Apr/2026:08:27:39 +0000] "GET /static/main.css HTTP/1.1" 200 360 "-" "Mozilla/5.0" rt=242ms
10.0.0.12 - - [25/Apr/2026:08:27:49 +0000] "GET /api/cart HTTP/1.1" 200 7862 "-" "Mozilla/5.0" rt=188ms
10.0.5.27 - - [25/Apr/2026:08:27:56 +0000] "POST /api/products HTTP/1.1" 200 2139 "-" "Mozilla/5.0" rt=31ms
10.0.1.179 - - [25/Apr/2026:08:28:19 +0000] "POST /api/products HTTP/1.1" 200 6748 "-" "Mozilla/5.0" rt=35ms
10.0.0.12 - - [25/Apr/2026:08:28:45 +0000] "GET /api/checkout HTTP/1.1" 200 4514 "-" "Mozilla/5.0" rt=114ms
10.0.2.27 - - [25/Apr/2026:08:29:07 +0000] "GET /api/auth/login HTTP/1.1" 200 2945 "-" "Mozilla/5.0" rt=8ms
10.0.2.155 - - [25/Apr/2026:08:29:35 +0000] "GET /api/products HTTP/1.1" 200 3701 "-" "Mozilla/5.0" rt=250ms
10.0.3.138 - - [25/Apr/2026:08:29:47 +0000] "GET /api/products HTTP/1.1" 200 1592 "-" "Mozilla/5.0" rt=192ms
10.0.2.208 - - [25/Apr/2026:08:30:04 +0000] "GET /api/products HTTP/1.1" 500 4110 "-" "Mozilla/5.0" rt=3904ms
10.0.5.59 - - [25/Apr/2026:08:30:18 +0000] "GET /static/main.css HTTP/1.1" 200 6955 "-" "Mozilla/5.0" rt=244ms
10.0.2.208 - - [25/Apr/2026:08:30:21 +0000] "GET /healthz HTTP/1.1" 500 3956 "-" "Mozilla/5.0" rt=4334ms
10.0.0.98 - - [25/Apr/2026:08:30:41 +0000] "GET /api/checkout HTTP/1.1" 200 7121 "-" "Mozilla/5.0" rt=88ms
10.0.3.21 - - [25/Apr/2026:08:30:47 +0000] "GET /api/cart HTTP/1.1" 200 2938 "-" "Mozilla/5.0" rt=76ms
10.0.2.253 - - [25/Apr/2026:08:31:16 +0000] "GET /api/products HTTP/1.1" 200 233 "-" "Mozilla/5.0" rt=137ms
10.0.5.190 - - [25/Apr/2026:08:31:23 +0000] "POST /api/cart HTTP/1.1" 200 4152 "-" "Mozilla/5.0" rt=147ms
10.0.3.57 - - [25/Apr/2026:08:31:48 +0000] "GET /api/products HTTP/1.1" 200 5981 "-" "Mozilla/5.0" rt=130ms
10.0.0.190 - - [25/Apr/2026:08:32:03 +0000] "GET /api/auth/login HTTP/1.1" 200 3462 "-" "Mozilla/5.0" rt=182ms
10.0.1.179 - - [25/Apr/2026:08:32:11 +0000] "GET /api/cart HTTP/1.1" 200 4026 "-" "Mozilla/5.0" rt=146ms
10.0.1.246 - - [25/Apr/2026:08:32:28 +0000] "PUT /api/orders HTTP/1.1" 200 2859 "-" "Mozilla/5.0" rt=95ms
10.0.3.138 - - [25/Apr/2026:08:32:51 +0000] "GET /static/main.css HTTP/1.1" 200 2038 "-" "Mozilla/5.0" rt=35ms
10.0.4.51 - - [25/Apr/2026:08:33:15 +0000] "GET /api/checkout HTTP/1.1" 500 4539 "-" "Mozilla/5.0" rt=4826ms
10.0.4.51 - - [25/Apr/2026:08:33:21 +0000] "POST /api/cart HTTP/1.1" 200 2415 "-" "Mozilla/5.0" rt=190ms
10.0.5.159 - - [25/Apr/2026:08:33:40 +0000] "GET /api/products HTTP/1.1" 200 6970 "-" "Mozilla/5.0" rt=54ms
10.0.5.140 - - [25/Apr/2026:08:33:50 +0000] "GET /api/checkout HTTP/1.1" 200 265 "-" "Mozilla/5.0" rt=186ms
10.0.0.8 - - [25/Apr/2026:08:34:08 +0000] "GET /static/main.css HTTP/1.1" 200 4683 "-" "Mozilla/5.0" rt=79ms
10.0.0.8 - - [25/Apr/2026:08:34:31 +0000] "PUT /api/cart HTTP/1.1" 200 990 "-" "Mozilla/5.0" rt=228ms
10.0.0.12 - - [25/Apr/2026:08:34:32 +0000] "GET /static/main.css HTTP/1.1" 200 3758 "-" "Mozilla/5.0" rt=92ms
10.0.1.36 - - [25/Apr/2026:08:34:38 +0000] "GET /static/main.css HTTP/1.1" 200 6884 "-" "Mozilla/5.0" rt=21ms
10.0.3.21 - - [25/Apr/2026:08:34:51 +0000] "GET /api/auth/login HTTP/1.1" 200 5773 "-" "Mozilla/5.0" rt=18ms
10.0.0.56 - - [25/Apr/2026:08:34:56 +0000] "GET /api/checkout HTTP/1.1" 200 847 "-" "Mozilla/5.0" rt=68ms
10.0.1.181 - - [25/Apr/2026:08:35:00 +0000] "GET /api/checkout HTTP/1.1" 200 5033 "-" "Mozilla/5.0" rt=207ms
10.0.5.140 - - [25/Apr/2026:08:35:20 +0000] "GET /api/checkout HTTP/1.1" 200 3840 "-" "Mozilla/5.0" rt=237ms
10.0.1.179 - - [25/Apr/2026:08:35:35 +0000] "GET /api/products HTTP/1.1" 200 2651 "-" "Mozilla/5.0" rt=150ms
10.0.1.36 - - [25/Apr/2026:08:35:55 +0000] "POST /api/products HTTP/1.1" 200 7912 "-" "Mozilla/5.0" rt=200ms
10.0.5.167 - - [25/Apr/2026:08:36:02 +0000] "POST /static/main.css HTTP/1.1" 200 1436 "-" "Mozilla/5.0" rt=66ms
10.0.1.181 - - [25/Apr/2026:08:36:08 +0000] "GET /api/auth/login HTTP/1.1" 200 3496 "-" "Mozilla/5.0" rt=120ms
10.0.2.253 - - [25/Apr/2026:08:36:31 +0000] "GET /healthz HTTP/1.1" 200 2046 "-" "Mozilla/5.0" rt=78ms
10.0.0.195 - - [25/Apr/2026:08:36:54 +0000] "GET /api/products HTTP/1.1" 200 5781 "-" "Mozilla/5.0" rt=64ms
10.0.3.151 - - [25/Apr/2026:08:37:24 +0000] "POST /api/checkout HTTP/1.1" 200 5566 "-" "Mozilla/5.0" rt=210ms
10.0.4.51 - - [25/Apr/2026:08:37:54 +0000] "GET /api/orders HTTP/1.1" 200 1991 "-" "Mozilla/5.0" rt=170ms
10.0.2.208 - - [25/Apr/2026:08:37:59 +0000] "GET /api/products HTTP/1.1" 200 638 "-" "Mozilla/5.0" rt=47ms
10.0.1.179 - - [25/Apr/2026:08:38:25 +0000] "PUT /api/products HTTP/1.1" 200 7696 "-" "Mozilla/5.0" rt=78ms
10.0.4.109 - - [25/Apr/2026:08:38:40 +0000] "POST /healthz HTTP/1.1" 200 5882 "-" "Mozilla/5.0" rt=108ms
10.0.4.76 - - [25/Apr/2026:08:38:49 +0000] "GET /api/users HTTP/1.1" 200 808 "-" "Mozilla/5.0" rt=158ms
10.0.2.207 - - [25/Apr/2026:08:38:51 +0000] "GET /api/products HTTP/1.1" 200 2201 "-" "Mozilla/5.0" rt=11ms
10.0.5.140 - - [25/Apr/2026:08:38:54 +0000] "GET /api/cart HTTP/1.1" 200 7938 "-" "Mozilla/5.0" rt=10ms
10.0.2.208 - - [25/Apr/2026:08:39:19 +0000] "GET /api/products HTTP/1.1" 500 6345 "-" "Mozilla/5.0" rt=2717ms
10.0.5.159 - - [25/Apr/2026:08:39:35 +0000] "GET /api/cart HTTP/1.1" 200 1636 "-" "Mozilla/5.0" rt=154ms
10.0.3.21 - - [25/Apr/2026:08:39:49 +0000] "GET /api/auth/login HTTP/1.1" 200 3495 "-" "Mozilla/5.0" rt=90ms
10.0.4.23 - - [25/Apr/2026:08:40:00 +0000] "GET /api/products HTTP/1.1" 200 3522 "-" "Mozilla/5.0" rt=182ms
10.0.0.195 - - [25/Apr/2026:08:40:16 +0000] "GET /api/cart HTTP/1.1" 500 4656 "-" "Mozilla/5.0" rt=2150ms
10.0.5.190 - - [25/Apr/2026:08:40:31 +0000] "GET /api/checkout HTTP/1.1" 200 1099 "-" "Mozilla/5.0" rt=202ms
10.0.4.76 - - [25/Apr/2026:08:40:44 +0000] "GET /api/products HTTP/1.1" 200 7271 "-" "Mozilla/5.0" rt=143ms
10.0.2.155 - - [25/Apr/2026:08:40:59 +0000] "GET /api/users HTTP/1.1" 200 3113 "-" "Mozilla/5.0" rt=164ms
10.0.3.21 - - [25/Apr/2026:08:41:24 +0000] "GET /api/cart HTTP/1.1" 500 572 "-" "Mozilla/5.0" rt=2833ms
10.0.1.181 - - [25/Apr/2026:08:41:33 +0000] "GET /api/products HTTP/1.1" 200 7365 "-" "Mozilla/5.0" rt=183ms
10.0.4.109 - - [25/Apr/2026:08:41:49 +0000] "POST /api/users HTTP/1.1" 200 6697 "-" "Mozilla/5.0" rt=66ms
10.0.1.130 - - [25/Apr/2026:08:42:12 +0000] "GET /static/main.css HTTP/1.1" 200 4674 "-" "Mozilla/5.0" rt=109ms
10.0.5.140 - - [25/Apr/2026:08:42:15 +0000] "GET /api/products HTTP/1.1" 200 7908 "-" "Mozilla/5.0" rt=35ms
10.0.0.56 - - [25/Apr/2026:08:42:36 +0000] "POST /healthz HTTP/1.1" 200 4318 "-" "Mozilla/5.0" rt=185ms
10.0.2.155 - - [25/Apr/2026:08:42:45 +0000] "GET /api/products HTTP/1.1" 200 2146 "-" "Mozilla/5.0" rt=121ms
10.0.0.56 - - [25/Apr/2026:08:43:03 +0000] "GET /api/orders HTTP/1.1" 200 4313 "-" "Mozilla/5.0" rt=196ms
10.0.0.8 - - [25/Apr/2026:08:43:32 +0000] "GET /api/products HTTP/1.1" 200 6479 "-" "Mozilla/5.0" rt=207ms
10.0.2.155 - - [25/Apr/2026:08:44:00 +0000] "GET /api/checkout HTTP/1.1" 200 6871 "-" "Mozilla/5.0" rt=5ms
10.0.1.179 - - [25/Apr/2026:08:44:10 +0000] "GET /api/products HTTP/1.1" 200 5556 "-" "Mozilla/5.0" rt=130ms
10.0.0.56 - - [25/Apr/2026:08:44:38 +0000] "GET /healthz HTTP/1.1" 200 2977 "-" "Mozilla/5.0" rt=90ms
10.0.2.148 - - [25/Apr/2026:08:44:56 +0000] "GET /api/orders HTTP/1.1" 200 7273 "-" "Mozilla/5.0" rt=53ms
10.0.3.57 - - [25/Apr/2026:08:45:19 +0000] "GET /api/products HTTP/1.1" 200 7162 "-" "Mozilla/5.0" rt=203ms
10.0.2.63 - - [25/Apr/2026:08:45:33 +0000] "PUT /api/checkout HTTP/1.1" 200 5927 "-" "Mozilla/5.0" rt=238ms
10.0.0.98 - - [25/Apr/2026:08:45:59 +0000] "POST /api/orders HTTP/1.1" 200 1396 "-" "Mozilla/5.0" rt=131ms
10.0.0.8 - - [25/Apr/2026:08:46:01 +0000] "GET /api/users HTTP/1.1" 200 7274 "-" "Mozilla/5.0" rt=30ms
10.0.0.187 - - [25/Apr/2026:08:46:29 +0000] "GET /api/auth/login HTTP/1.1" 200 275 "-" "Mozilla/5.0" rt=189ms
10.0.2.155 - - [25/Apr/2026:08:46:34 +0000] "POST /api/products HTTP/1.1" 200 762 "-" "Mozilla/5.0" rt=125ms
10.0.3.151 - - [25/Apr/2026:08:47:00 +0000] "GET /api/checkout HTTP/1.1" 301 3406 "-" "Mozilla/5.0" rt=171ms
10.0.2.40 - - [25/Apr/2026:08:47:03 +0000] "POST /api/products HTTP/1.1" 200 3263 "-" "Mozilla/5.0" rt=249ms
10.0.3.21 - - [25/Apr/2026:08:47:14 +0000] "GET /api/products HTTP/1.1" 200 5208 "-" "Mozilla/5.0" rt=22ms
10.0.0.195 - - [25/Apr/2026:08:47:22 +0000] "PUT /api/cart HTTP/1.1" 200 3705 "-" "Mozilla/5.0" rt=30ms
10.0.4.23 - - [25/Apr/2026:08:47:47 +0000] "GET /healthz HTTP/1.1" 301 2603 "-" "Mozilla/5.0" rt=236ms
10.0.2.63 - - [25/Apr/2026:08:47:48 +0000] "GET /api/checkout HTTP/1.1" 200 3086 "-" "Mozilla/5.0" rt=100ms
10.0.0.56 - - [25/Apr/2026:08:48:02 +0000] "GET /api/cart HTTP/1.1" 200 4786 "-" "Mozilla/5.0" rt=179ms
10.0.4.7 - - [25/Apr/2026:08:48:28 +0000] "GET /api/products HTTP/1.1" 200 5142 "-" "Mozilla/5.0" rt=227ms
10.0.0.219 - - [25/Apr/2026:08:48:41 +0000] "GET /api/cart HTTP/1.1" 200 7627 "-" "Mozilla/5.0" rt=154ms
10.0.5.140 - - [25/Apr/2026:08:48:46 +0000] "POST /healthz HTTP/1.1" 200 3914 "-" "Mozilla/5.0" rt=70ms
10.0.5.29 - - [25/Apr/2026:08:49:08 +0000] "GET /api/checkout HTTP/1.1" 200 5700 "-" "Mozilla/5.0" rt=144ms
10.0.5.27 - - [25/Apr/2026:08:49:14 +0000] "GET /healthz HTTP/1.1" 200 2600 "-" "Mozilla/5.0" rt=168ms
10.0.3.151 - - [25/Apr/2026:08:49:28 +0000] "GET /healthz HTTP/1.1" 200 3301 "-" "Mozilla/5.0" rt=223ms
10.0.4.23 - - [25/Apr/2026:08:49:44 +0000] "GET /api/cart HTTP/1.1" 200 3090 "-" "Mozilla/5.0" rt=152ms
10.0.0.195 - - [25/Apr/2026:08:49:54 +0000] "POST /api/users HTTP/1.1" 200 2398 "-" "Mozilla/5.0" rt=7ms
10.0.1.36 - - [25/Apr/2026:08:50:13 +0000] "PUT /api/products HTTP/1.1" 200 6972 "-" "Mozilla/5.0" rt=236ms
10.0.0.195 - - [25/Apr/2026:08:50:42 +0000] "GET /api/checkout HTTP/1.1" 200 6719 "-" "Mozilla/5.0" rt=95ms
10.0.4.51 - - [25/Apr/2026:08:50:50 +0000] "GET /api/products HTTP/1.1" 301 6339 "-" "Mozilla/5.0" rt=189ms
10.0.0.8 - - [25/Apr/2026:08:51:15 +0000] "GET /api/cart HTTP/1.1" 200 5444 "-" "Mozilla/5.0" rt=15ms
10.0.0.187 - - [25/Apr/2026:08:51:25 +0000] "GET /api/users HTTP/1.1" 200 6149 "-" "Mozilla/5.0" rt=38ms
10.0.0.195 - - [25/Apr/2026:08:51:28 +0000] "PUT /api/checkout HTTP/1.1" 200 1588 "-" "Mozilla/5.0" rt=56ms
10.0.2.148 - - [25/Apr/2026:08:51:33 +0000] "GET /api/checkout HTTP/1.1" 200 7633 "-" "Mozilla/5.0" rt=74ms
10.0.1.130 - - [25/Apr/2026:08:52:00 +0000] "GET /static/main.css HTTP/1.1" 200 6265 "-" "Mozilla/5.0" rt=227ms
10.0.4.109 - - [25/Apr/2026:08:52:11 +0000] "GET /healthz HTTP/1.1" 200 6328 "-" "Mozilla/5.0" rt=62ms
10.0.0.92 - - [25/Apr/2026:08:52:39 +0000] "GET /api/products HTTP/1.1" 200 889 "-" "Mozilla/5.0" rt=207ms
10.0.5.29 - - [25/Apr/2026:08:52:52 +0000] "GET /static/main.css HTTP/1.1" 200 3875 "-" "Mozilla/5.0" rt=99ms
10.0.3.151 - - [25/Apr/2026:08:53:14 +0000] "GET /api/products HTTP/1.1" 200 7852 "-" "Mozilla/5.0" rt=100ms
10.0.5.140 - - [25/Apr/2026:08:53:18 +0000] "GET /healthz HTTP/1.1" 200 7393 "-" "Mozilla/5.0" rt=246ms
10.0.3.88 - - [25/Apr/2026:08:53:36 +0000] "GET /api/products HTTP/1.1" 200 667 "-" "Mozilla/5.0" rt=167ms
10.0.3.138 - - [25/Apr/2026:08:54:03 +0000] "GET /api/products HTTP/1.1" 200 3494 "-" "Mozilla/5.0" rt=34ms
10.0.2.63 - - [25/Apr/2026:08:54:08 +0000] "GET /api/users HTTP/1.1" 200 1101 "-" "Mozilla/5.0" rt=29ms
10.0.2.148 - - [25/Apr/2026:08:54:16 +0000] "GET /api/products HTTP/1.1" 200 3189 "-" "Mozilla/5.0" rt=176ms
10.0.2.148 - - [25/Apr/2026:08:54:40 +0000] "GET /api/orders HTTP/1.1" 500 6102 "-" "Mozilla/5.0" rt=2632ms
10.0.2.155 - - [25/Apr/2026:08:55:09 +0000] "GET /api/cart HTTP/1.1" 200 5193 "-" "Mozilla/5.0" rt=109ms
10.0.2.63 - - [25/Apr/2026:08:55:18 +0000] "GET /api/products HTTP/1.1" 200 3782 "-" "Mozilla/5.0" rt=118ms
10.0.2.27 - - [25/Apr/2026:08:55:26 +0000] "POST /api/auth/login HTTP/1.1" 200 4610 "-" "Mozilla/5.0" rt=235ms
10.0.1.246 - - [25/Apr/2026:08:55:47 +0000] "GET /api/users HTTP/1.1" 200 1704 "-" "Mozilla/5.0" rt=36ms
10.0.3.138 - - [25/Apr/2026:08:56:15 +0000] "POST /api/auth/login HTTP/1.1" 200 5406 "-" "Mozilla/5.0" rt=168ms
10.0.0.190 - - [25/Apr/2026:08:56:35 +0000] "GET /api/users HTTP/1.1" 200 1181 "-" "Mozilla/5.0" rt=206ms
10.0.5.167 - - [25/Apr/2026:08:56:54 +0000] "PUT /api/auth/login HTTP/1.1" 200 1847 "-" "Mozilla/5.0" rt=155ms
10.0.5.140 - - [25/Apr/2026:08:57:01 +0000] "DELETE /api/checkout HTTP/1.1" 200 6610 "-" "Mozilla/5.0" rt=235ms
10.0.5.29 - - [25/Apr/2026:08:57:21 +0000] "GET /static/main.css HTTP/1.1" 200 4575 "-" "Mozilla/5.0" rt=69ms
10.0.4.7 - - [25/Apr/2026:08:57:47 +0000] "POST /api/auth/login HTTP/1.1" 200 1229 "-" "Mozilla/5.0" rt=8ms
10.0.3.57 - - [25/Apr/2026:08:57:59 +0000] "GET /api/products HTTP/1.1" 200 1577 "-" "Mozilla/5.0" rt=72ms
10.0.0.8 - - [25/Apr/2026:08:58:01 +0000] "GET /api/products HTTP/1.1" 200 1081 "-" "Mozilla/5.0" rt=195ms
10.0.0.250 - - [25/Apr/2026:08:58:04 +0000] "DELETE /healthz HTTP/1.1" 200 4354 "-" "Mozilla/5.0" rt=156ms
10.0.0.187 - - [25/Apr/2026:08:58:08 +0000] "GET /api/users HTTP/1.1" 200 505 "-" "Mozilla/5.0" rt=191ms
10.0.5.159 - - [25/Apr/2026:08:58:34 +0000] "GET /static/main.css HTTP/1.1" 200 405 "-" "Mozilla/5.0" rt=20ms
10.0.0.92 - - [25/Apr/2026:08:58:50 +0000] "POST /api/orders HTTP/1.1" 200 4166 "-" "Mozilla/5.0" rt=187ms
10.0.0.187 - - [25/Apr/2026:08:59:20 +0000] "GET /api/auth/login HTTP/1.1" 200 5133 "-" "Mozilla/5.0" rt=42ms
10.0.0.8 - - [25/Apr/2026:08:59:23 +0000] "GET /static/main.css HTTP/1.1" 200 4945 "-" "Mozilla/5.0" rt=145ms
10.0.3.88 - - [25/Apr/2026:08:59:46 +0000] "GET /api/orders HTTP/1.1" 200 2565 "-" "Mozilla/5.0" rt=121ms
10.0.2.253 - - [25/Apr/2026:09:00:03 +0000] "GET /api/orders HTTP/1.1" 301 1087 "-" "Mozilla/5.0" rt=223ms
10.0.1.181 - - [25/Apr/2026:09:00:24 +0000] "GET /api/products HTTP/1.1" 200 3849 "-" "Mozilla/5.0" rt=232ms
10.0.2.155 - - [25/Apr/2026:09:00:32 +0000] "GET /api/checkout HTTP/1.1" 200 3557 "-" "Mozilla/5.0" rt=191ms
10.0.3.88 - - [25/Apr/2026:09:00:36 +0000] "GET /api/orders HTTP/1.1" 301 2238 "-" "Mozilla/5.0" rt=100ms
10.0.0.250 - - [25/Apr/2026:09:00:41 +0000] "GET /api/auth/login HTTP/1.1" 200 913 "-" "Mozilla/5.0" rt=115ms
10.0.2.27 - - [25/Apr/2026:09:00:45 +0000] "GET /api/checkout HTTP/1.1" 200 641 "-" "Mozilla/5.0" rt=155ms
10.0.1.181 - - [25/Apr/2026:09:01:03 +0000] "POST /api/checkout HTTP/1.1" 200 3515 "-" "Mozilla/5.0" rt=95ms
10.0.2.207 - - [25/Apr/2026:09:01:31 +0000] "POST /api/products HTTP/1.1" 200 2506 "-" "Mozilla/5.0" rt=158ms
10.0.1.246 - - [25/Apr/2026:09:01:41 +0000] "GET /api/auth/login HTTP/1.1" 200 1892 "-" "Mozilla/5.0" rt=44ms
10.0.0.250 - - [25/Apr/2026:09:02:03 +0000] "GET /api/cart HTTP/1.1" 200 7075 "-" "Mozilla/5.0" rt=147ms
10.0.4.109 - - [25/Apr/2026:09:02:15 +0000] "GET /api/checkout HTTP/1.1" 200 2002 "-" "Mozilla/5.0" rt=211ms
10.0.1.181 - - [25/Apr/2026:09:02:29 +0000] "GET /api/checkout HTTP/1.1" 200 5679 "-" "Mozilla/5.0" rt=169ms
10.0.0.190 - - [25/Apr/2026:09:02:47 +0000] "POST /api/products HTTP/1.1" 301 2340 "-" "Mozilla/5.0" rt=12ms
10.0.2.208 - - [25/Apr/2026:09:02:53 +0000] "PUT /api/products HTTP/1.1" 200 7699 "-" "Mozilla/5.0" rt=91ms
10.0.5.29 - - [25/Apr/2026:09:03:05 +0000] "GET /api/products HTTP/1.1" 200 5534 "-" "Mozilla/5.0" rt=107ms
10.0.0.56 - - [25/Apr/2026:09:03:08 +0000] "POST /api/products HTTP/1.1" 200 901 "-" "Mozilla/5.0" rt=196ms
10.0.5.167 - - [25/Apr/2026:09:03:25 +0000] "GET /api/orders HTTP/1.1" 200 2942 "-" "Mozilla/5.0" rt=45ms
10.0.1.179 - - [25/Apr/2026:09:03:37 +0000] "GET /api/products HTTP/1.1" 500 7862 "-" "Mozilla/5.0" rt=4324ms
10.0.5.190 - - [25/Apr/2026:09:03:57 +0000] "GET /api/users HTTP/1.1" 200 6330 "-" "Mozilla/5.0" rt=163ms
10.0.5.190 - - [25/Apr/2026:09:03:59 +0000] "GET /static/main.css HTTP/1.1" 200 3623 "-" "Mozilla/5.0" rt=129ms
10.0.0.187 - - [25/Apr/2026:09:04:19 +0000] "GET /api/orders HTTP/1.1" 200 6334 "-" "Mozilla/5.0" rt=136ms
10.0.1.246 - - [25/Apr/2026:09:04:23 +0000] "GET /api/orders HTTP/1.1" 200 5705 "-" "Mozilla/5.0" rt=178ms
10.0.3.21 - - [25/Apr/2026:09:04:42 +0000] "POST /api/users HTTP/1.1" 200 522 "-" "Mozilla/5.0" rt=61ms
10.0.2.253 - - [25/Apr/2026:09:04:55 +0000] "GET /api/users HTTP/1.1" 200 2619 "-" "Mozilla/5.0" rt=247ms
10.0.0.8 - - [25/Apr/2026:09:05:02 +0000] "GET /api/checkout HTTP/1.1" 200 2837 "-" "Mozilla/5.0" rt=35ms
10.0.3.21 - - [25/Apr/2026:09:05:03 +0000] "GET /api/products HTTP/1.1" 200 1208 "-" "Mozilla/5.0" rt=102ms
10.0.5.140 - - [25/Apr/2026:09:05:21 +0000] "GET /api/users HTTP/1.1" 301 6754 "-" "Mozilla/5.0" rt=95ms
10.0.0.92 - - [25/Apr/2026:09:05:24 +0000] "POST /api/products HTTP/1.1" 200 3723 "-" "Mozilla/5.0" rt=9ms
10.0.5.27 - - [25/Apr/2026:09:05:39 +0000] "GET /api/products HTTP/1.1" 200 3666 "-" "Mozilla/5.0" rt=151ms
10.0.2.155 - - [25/Apr/2026:09:05:52 +0000] "GET /static/main.css HTTP/1.1" 200 320 "-" "Mozilla/5.0" rt=88ms
10.0.0.219 - - [25/Apr/2026:09:05:58 +0000] "POST /healthz HTTP/1.1" 200 871 "-" "Mozilla/5.0" rt=116ms
10.0.4.23 - - [25/Apr/2026:09:06:26 +0000] "GET /api/cart HTTP/1.1" 200 3430 "-" "Mozilla/5.0" rt=139ms
10.0.0.92 - - [25/Apr/2026:09:06:29 +0000] "GET /api/products HTTP/1.1" 500 2931 "-" "Mozilla/5.0" rt=2907ms
10.0.1.130 - - [25/Apr/2026:09:06:40 +0000] "GET /api/auth/login HTTP/1.1" 200 1084 "-" "Mozilla/5.0" rt=140ms
10.0.4.51 - - [25/Apr/2026:09:06:57 +0000] "GET /api/checkout HTTP/1.1" 200 6108 "-" "Mozilla/5.0" rt=250ms
10.0.0.56 - - [25/Apr/2026:09:07:24 +0000] "GET /api/cart HTTP/1.1" 200 2246 "-" "Mozilla/5.0" rt=55ms
10.0.2.253 - - [25/Apr/2026:09:07:30 +0000] "PUT /api/products HTTP/1.1" 500 5519 "-" "Mozilla/5.0" rt=2308ms
10.0.3.21 - - [25/Apr/2026:09:07:36 +0000] "PUT /healthz HTTP/1.1" 200 6374 "-" "Mozilla/5.0" rt=153ms
10.0.0.12 - - [25/Apr/2026:09:07:51 +0000] "POST /api/cart HTTP/1.1" 200 2797 "-" "Mozilla/5.0" rt=226ms
10.0.3.88 - - [25/Apr/2026:09:08:12 +0000] "GET /api/products HTTP/1.1" 200 3991 "-" "Mozilla/5.0" rt=118ms
10.0.1.179 - - [25/Apr/2026:09:08:33 +0000] "GET /api/checkout HTTP/1.1" 200 610 "-" "Mozilla/5.0" rt=95ms
10.0.5.27 - - [25/Apr/2026:09:08:50 +0000] "GET /static/main.css HTTP/1.1" 200 458 "-" "Mozilla/5.0" rt=19ms
10.0.0.195 - - [25/Apr/2026:09:09:02 +0000] "POST /api/auth/login HTTP/1.1" 200 5188 "-" "Mozilla/5.0" rt=157ms
10.0.0.98 - - [25/Apr/2026:09:09:19 +0000] "GET /healthz HTTP/1.1" 200 7967 "-" "Mozilla/5.0" rt=207ms
10.0.2.63 - - [25/Apr/2026:09:09:43 +0000] "GET /healthz HTTP/1.1" 200 1692 "-" "Mozilla/5.0" rt=87ms
10.0.0.250 - - [25/Apr/2026:09:10:03 +0000] "GET /api/users HTTP/1.1" 200 3840 "-" "Mozilla/5.0" rt=31ms
10.0.2.40 - - [25/Apr/2026:09:10:29 +0000] "GET /api/products HTTP/1.1" 200 5443 "-" "Mozilla/5.0" rt=49ms
10.0.3.57 - - [25/Apr/2026:09:10:31 +0000] "GET /api/products HTTP/1.1" 200 4443 "-" "Mozilla/5.0" rt=138ms
10.0.1.130 - - [25/Apr/2026:09:10:51 +0000] "GET /api/checkout HTTP/1.1" 200 3323 "-" "Mozilla/5.0" rt=109ms
10.0.2.40 - - [25/Apr/2026:09:11:16 +0000] "GET /api/cart HTTP/1.1" 200 6615 "-" "Mozilla/5.0" rt=166ms
10.0.2.40 - - [25/Apr/2026:09:11:37 +0000] "GET /api/auth/login HTTP/1.1" 200 4720 "-" "Mozilla/5.0" rt=178ms
10.0.0.195 - - [25/Apr/2026:09:11:50 +0000] "POST /static/main.css HTTP/1.1" 200 7574 "-" "Mozilla/5.0" rt=159ms
10.0.0.56 - - [25/Apr/2026:09:12:18 +0000] "GET /api/checkout HTTP/1.1" 200 5586 "-" "Mozilla/5.0" rt=41ms
10.0.1.246 - - [25/Apr/2026:09:12:48 +0000] "POST /static/main.css HTTP/1.1" 301 5574 "-" "Mozilla/5.0" rt=105ms
10.0.2.253 - - [25/Apr/2026:09:12:53 +0000] "GET /api/products HTTP/1.1" 200 4728 "-" "Mozilla/5.0" rt=101ms
10.0.2.40 - - [25/Apr/2026:09:13:14 +0000] "GET /api/products HTTP/1.1" 301 5907 "-" "Mozilla/5.0" rt=217ms
10.0.5.159 - - [25/Apr/2026:09:13:38 +0000] "POST /api/auth/login HTTP/1.1" 301 3618 "-" "Mozilla/5.0" rt=135ms
10.0.0.190 - - [25/Apr/2026:09:13:50 +0000] "GET /api/checkout HTTP/1.1" 200 7941 "-" "Mozilla/5.0" rt=59ms
10.0.3.21 - - [25/Apr/2026:09:14:01 +0000] "GET /api/cart HTTP/1.1" 200 1419 "-" "Mozilla/5.0" rt=24ms
10.0.4.23 - - [25/Apr/2026:09:14:11 +0000] "DELETE /api/users HTTP/1.1" 200 6991 "-" "Mozilla/5.0" rt=194ms
10.0.5.159 - - [25/Apr/2026:09:14:40 +0000] "POST /api/users HTTP/1.1" 200 7329 "-" "Mozilla/5.0" rt=201ms
10.0.0.8 - - [25/Apr/2026:09:15:00 +0000] "GET /api/products HTTP/1.1" 200 1479 "-" "Mozilla/5.0" rt=51ms
10.0.0.219 - - [25/Apr/2026:09:15:27 +0000] "GET /api/checkout HTTP/1.1" 404 3735 "-" "Mozilla/5.0" rt=16ms
10.0.2.27 - - [25/Apr/2026:09:15:41 +0000] "POST /api/cart HTTP/1.1" 200 3788 "-" "Mozilla/5.0" rt=161ms
10.0.0.187 - - [25/Apr/2026:09:15:51 +0000] "GET /api/cart HTTP/1.1" 200 2685 "-" "Mozilla/5.0" rt=212ms
10.0.0.250 - - [25/Apr/2026:09:16:17 +0000] "GET /api/products HTTP/1.1" 200 5706 "-" "Mozilla/5.0" rt=247ms
10.0.0.187 - - [25/Apr/2026:09:16:36 +0000] "DELETE /healthz HTTP/1.1" 200 6524 "-" "Mozilla/5.0" rt=102ms
10.0.5.159 - - [25/Apr/2026:09:16:53 +0000] "GET /api/orders HTTP/1.1" 200 6713 "-" "Mozilla/5.0" rt=159ms
10.0.3.151 - - [25/Apr/2026:09:16:58 +0000] "POST /api/users HTTP/1.1" 200 7310 "-" "Mozilla/5.0" rt=100ms
10.0.4.23 - - [25/Apr/2026:09:17:16 +0000] "GET /api/products HTTP/1.1" 200 2485 "-" "Mozilla/5.0" rt=26ms
10.0.1.130 - - [25/Apr/2026:09:17:41 +0000] "GET /static/main.css HTTP/1.1" 200 1357 "-" "Mozilla/5.0" rt=217ms
10.0.5.190 - - [25/Apr/2026:09:17:55 +0000] "GET /api/cart HTTP/1.1" 200 7772 "-" "Mozilla/5.0" rt=11ms
10.0.1.36 - - [25/Apr/2026:09:18:09 +0000] "GET /api/orders HTTP/1.1" 200 2081 "-" "Mozilla/5.0" rt=103ms
10.0.2.27 - - [25/Apr/2026:09:18:12 +0000] "GET /api/cart HTTP/1.1" 200 7775 "-" "Mozilla/5.0" rt=30ms
10.0.2.40 - - [25/Apr/2026:09:18:39 +0000] "GET /api/checkout HTTP/1.1" 200 463 "-" "Mozilla/5.0" rt=78ms
10.0.0.250 - - [25/Apr/2026:09:19:09 +0000] "GET /api/products HTTP/1.1" 500 5929 "-" "Mozilla/5.0" rt=3921ms
10.0.0.219 - - [25/Apr/2026:09:19:24 +0000] "GET /api/users HTTP/1.1" 200 2246 "-" "Mozilla/5.0" rt=60ms
10.0.0.56 - - [25/Apr/2026:09:19:51 +0000] "POST /api/users HTTP/1.1" 200 4473 "-" "Mozilla/5.0" rt=113ms
10.0.0.195 - - [25/Apr/2026:09:19:55 +0000] "GET /api/cart HTTP/1.1" 200 541 "-" "Mozilla/5.0" rt=66ms
10.0.0.219 - - [25/Apr/2026:09:20:09 +0000] "GET /healthz HTTP/1.1" 200 7004 "-" "Mozilla/5.0" rt=236ms
10.0.2.253 - - [25/Apr/2026:09:20:25 +0000] "GET /api/users HTTP/1.1" 200 4371 "-" "Mozilla/5.0" rt=152ms
10.0.0.56 - - [25/Apr/2026:09:20:33 +0000] "GET /static/main.css HTTP/1.1" 200 5186 "-" "Mozilla/5.0" rt=95ms
10.0.0.12 - - [25/Apr/2026:09:20:41 +0000] "GET /api/orders HTTP/1.1" 301 5624 "-" "Mozilla/5.0" rt=26ms
10.0.2.27 - - [25/Apr/2026:09:20:58 +0000] "GET /api/auth/login HTTP/1.1" 200 4306 "-" "Mozilla/5.0" rt=206ms
10.0.1.181 - - [25/Apr/2026:09:21:15 +0000] "GET /api/users HTTP/1.1" 200 506 "-" "Mozilla/5.0" rt=167ms
10.0.2.27 - - [25/Apr/2026:09:21:28 +0000] "PUT /static/main.css HTTP/1.1" 200 3075 "-" "Mozilla/5.0" rt=206ms
10.0.1.246 - - [25/Apr/2026:09:21:31 +0000] "POST /api/cart HTTP/1.1" 200 5296 "-" "Mozilla/5.0" rt=31ms
10.0.5.59 - - [25/Apr/2026:09:21:56 +0000] "PUT /api/products HTTP/1.1" 200 1242 "-" "Mozilla/5.0" rt=16ms
10.0.2.148 - - [25/Apr/2026:09:22:08 +0000] "POST /api/checkout HTTP/1.1" 200 6952 "-" "Mozilla/5.0" rt=204ms
10.0.3.138 - - [25/Apr/2026:09:22:30 +0000] "GET /api/products HTTP/1.1" 200 1643 "-" "Mozilla/5.0" rt=212ms
10.0.5.27 - - [25/Apr/2026:09:22:35 +0000] "DELETE /api/products HTTP/1.1" 200 452 "-" "Mozilla/5.0" rt=80ms
10.0.2.63 - - [25/Apr/2026:09:22:42 +0000] "GET /api/checkout HTTP/1.1" 200 2735 "-" "Mozilla/5.0" rt=243ms
10.0.4.76 - - [25/Apr/2026:09:22:52 +0000] "GET /api/orders HTTP/1.1" 200 2225 "-" "Mozilla/5.0" rt=14ms
10.0.4.51 - - [25/Apr/2026:09:23:17 +0000] "GET /static/main.css HTTP/1.1" 500 541 "-" "Mozilla/5.0" rt=4685ms
10.0.2.208 - - [25/Apr/2026:09:23:28 +0000] "GET /api/auth/login HTTP/1.1" 200 7436 "-" "Mozilla/5.0" rt=107ms
10.0.0.187 - - [25/Apr/2026:09:23:52 +0000] "GET /api/orders HTTP/1.1" 200 4214 "-" "Mozilla/5.0" rt=182ms
10.0.2.27 - - [25/Apr/2026:09:24:08 +0000] "GET /api/checkout HTTP/1.1" 200 6713 "-" "Mozilla/5.0" rt=26ms
10.0.2.207 - - [25/Apr/2026:09:24:32 +0000] "GET /api/auth/login HTTP/1.1" 200 6886 "-" "Mozilla/5.0" rt=51ms
10.0.0.195 - - [25/Apr/2026:09:24:50 +0000] "GET /api/checkout HTTP/1.1" 200 2836 "-" "Mozilla/5.0" rt=174ms
10.0.1.179 - - [25/Apr/2026:09:25:00 +0000] "GET /healthz HTTP/1.1" 404 3640 "-" "Mozilla/5.0" rt=47ms
10.0.0.187 - - [25/Apr/2026:09:25:23 +0000] "GET /api/checkout HTTP/1.1" 200 6104 "-" "Mozilla/5.0" rt=227ms
10.0.1.246 - - [25/Apr/2026:09:25:53 +0000] "GET /api/products HTTP/1.1" 200 5388 "-" "Mozilla/5.0" rt=207ms
10.0.5.27 - - [25/Apr/2026:09:25:55 +0000] "POST /api/cart HTTP/1.1" 200 3126 "-" "Mozilla/5.0" rt=136ms
10.0.1.130 - - [25/Apr/2026:09:26:21 +0000] "GET /api/users HTTP/1.1" 200 5704 "-" "Mozilla/5.0" rt=205ms
10.0.2.63 - - [25/Apr/2026:09:26:36 +0000] "GET /api/products HTTP/1.1" 200 6527 "-" "Mozilla/5.0" rt=170ms
10.0.2.27 - - [25/Apr/2026:09:26:48 +0000] "GET /api/orders HTTP/1.1" 200 5106 "-" "Mozilla/5.0" rt=44ms
10.0.0.187 - - [25/Apr/2026:09:27:10 +0000] "GET /api/checkout HTTP/1.1" 200 6401 "-" "Mozilla/5.0" rt=24ms
10.0.0.8 - - [25/Apr/2026:09:27:29 +0000] "GET /api/users HTTP/1.1" 200 2725 "-" "Mozilla/5.0" rt=171ms
10.0.3.57 - - [25/Apr/2026:09:27:38 +0000] "GET /api/auth/login HTTP/1.1" 404 1674 "-" "Mozilla/5.0" rt=132ms
10.0.0.98 - - [25/Apr/2026:09:27:55 +0000] "GET /api/users HTTP/1.1" 200 6498 "-" "Mozilla/5.0" rt=71ms
10.0.0.187 - - [25/Apr/2026:09:28:18 +0000] "GET /api/cart HTTP/1.1" 200 5835 "-" "Mozilla/5.0" rt=239ms
10.0.4.51 - - [25/Apr/2026:09:28:34 +0000] "GET /api/auth/login HTTP/1.1" 200 3853 "-" "Mozilla/5.0" rt=49ms
10.0.0.187 - - [25/Apr/2026:09:29:03 +0000] "POST /api/auth/login HTTP/1.1" 200 5620 "-" "Mozilla/5.0" rt=93ms
10.0.5.27 - - [25/Apr/2026:09:29:26 +0000] "GET /api/users HTTP/1.1" 200 7451 "-" "Mozilla/5.0" rt=81ms
10.0.1.130 - - [25/Apr/2026:09:29:54 +0000] "POST /api/products HTTP/1.1" 301 5374 "-" "Mozilla/5.0" rt=49ms
10.0.2.27 - - [25/Apr/2026:09:30:20 +0000] "GET /api/users HTTP/1.1" 200 1796 "-" "Mozilla/5.0" rt=207ms
10.0.3.57 - - [25/Apr/2026:09:30:25 +0000] "GET /api/checkout HTTP/1.1" 200 3106 "-" "Mozilla/5.0" rt=146ms
10.0.2.27 - - [25/Apr/2026:09:30:44 +0000] "GET /healthz HTTP/1.1" 200 5163 "-" "Mozilla/5.0" rt=231ms
10.0.5.27 - - [25/Apr/2026:09:30:47 +0000] "GET /static/main.css HTTP/1.1" 404 6038 "-" "Mozilla/5.0" rt=127ms
10.0.2.155 - - [25/Apr/2026:09:31:04 +0000] "GET /api/checkout HTTP/1.1" 200 754 "-" "Mozilla/5.0" rt=37ms
10.0.5.27 - - [25/Apr/2026:09:31:15 +0000] "GET /healthz HTTP/1.1" 301 4388 "-" "Mozilla/5.0" rt=93ms
10.0.1.181 - - [25/Apr/2026:09:31:20 +0000] "GET /api/cart HTTP/1.1" 200 6439 "-" "Mozilla/5.0" rt=38ms
10.0.4.76 - - [25/Apr/2026:09:31:34 +0000] "GET /api/products HTTP/1.1" 200 4394 "-" "Mozilla/5.0" rt=44ms
10.0.1.130 - - [25/Apr/2026:09:31:44 +0000] "GET /api/products HTTP/1.1" 404 1997 "-" "Mozilla/5.0" rt=93ms
10.0.0.195 - - [25/Apr/2026:09:32:01 +0000] "GET /api/products HTTP/1.1" 200 1758 "-" "Mozilla/5.0" rt=167ms
10.0.2.208 - - [25/Apr/2026:09:32:19 +0000] "POST /api/products HTTP/1.1" 200 5183 "-" "Mozilla/5.0" rt=141ms
10.0.4.76 - - [25/Apr/2026:09:32:22 +0000] "GET /api/cart HTTP/1.1" 200 7863 "-" "Mozilla/5.0" rt=153ms
10.0.1.130 - - [25/Apr/2026:09:32:27 +0000] "GET /api/cart HTTP/1.1" 404 7539 "-" "Mozilla/5.0" rt=159ms
10.0.0.12 - - [25/Apr/2026:09:32:38 +0000] "GET /api/users HTTP/1.1" 200 522 "-" "Mozilla/5.0" rt=247ms
10.0.0.12 - - [25/Apr/2026:09:32:59 +0000] "POST /static/main.css HTTP/1.1" 200 6432 "-" "Mozilla/5.0" rt=151ms
10.0.0.219 - - [25/Apr/2026:09:33:13 +0000] "GET /api/cart HTTP/1.1" 200 7432 "-" "Mozilla/5.0" rt=165ms
10.0.0.195 - - [25/Apr/2026:09:33:31 +0000] "GET /api/cart HTTP/1.1" 200 2156 "-" "Mozilla/5.0" rt=211ms
10.0.0.92 - - [25/Apr/2026:09:33:57 +0000] "GET /static/main.css HTTP/1.1" 200 5791 "-" "Mozilla/5.0" rt=20ms
10.0.0.187 - - [25/Apr/2026:09:34:03 +0000] "GET /api/orders HTTP/1.1" 200 1821 "-" "Mozilla/5.0" rt=92ms
10.0.0.56 - - [25/Apr/2026:09:34:23 +0000] "POST /api/checkout HTTP/1.1" 200 6164 "-" "Mozilla/5.0" rt=225ms
10.0.0.92 - - [25/Apr/2026:09:34:35 +0000] "PUT /api/products HTTP/1.1" 200 4368 "-" "Mozilla/5.0" rt=148ms
10.0.3.88 - - [25/Apr/2026:09:34:39 +0000] "GET /api/cart HTTP/1.1" 200 2341 "-" "Mozilla/5.0" rt=120ms
10.0.0.56 - - [25/Apr/2026:09:34:47 +0000] "GET /api/auth/login HTTP/1.1" 200 7894 "-" "Mozilla/5.0" rt=103ms
10.0.0.219 - - [25/Apr/2026:09:35:15 +0000] "GET /api/orders HTTP/1.1" 200 6814 "-" "Mozilla/5.0" rt=88ms
10.0.0.12 - - [25/Apr/2026:09:35:45 +0000] "GET /api/products HTTP/1.1" 200 6401 "-" "Mozilla/5.0" rt=45ms
10.0.4.76 - - [25/Apr/2026:09:36:01 +0000] "GET /healthz HTTP/1.1" 200 4224 "-" "Mozilla/5.0" rt=10ms
10.0.0.92 - - [25/Apr/2026:09:36:04 +0000] "GET /api/users HTTP/1.1" 200 1912 "-" "Mozilla/5.0" rt=154ms
10.0.1.36 - - [25/Apr/2026:09:36:16 +0000] "GET /api/users HTTP/1.1" 200 5044 "-" "Mozilla/5.0" rt=230ms
10.0.0.250 - - [25/Apr/2026:09:36:43 +0000] "GET /static/main.css HTTP/1.1" 200 7090 "-" "Mozilla/5.0" rt=32ms
10.0.0.8 - - [25/Apr/2026:09:36:57 +0000] "POST /static/main.css HTTP/1.1" 200 6407 "-" "Mozilla/5.0" rt=108ms
10.0.2.63 - - [25/Apr/2026:09:37:09 +0000] "GET /api/orders HTTP/1.1" 200 4752 "-" "Mozilla/5.0" rt=54ms
10.0.1.181 - - [25/Apr/2026:09:37:21 +0000] "GET /static/main.css HTTP/1.1" 200 4280 "-" "Mozilla/5.0" rt=120ms
10.0.1.181 - - [25/Apr/2026:09:37:46 +0000] "GET /static/main.css HTTP/1.1" 301 5155 "-" "Mozilla/5.0" rt=35ms
10.0.4.23 - - [25/Apr/2026:09:37:51 +0000] "GET /api/orders HTTP/1.1" 200 4719 "-" "Mozilla/5.0" rt=245ms
10.0.0.56 - - [25/Apr/2026:09:38:03 +0000] "GET /api/cart HTTP/1.1" 200 3438 "-" "Mozilla/5.0" rt=133ms
10.0.2.63 - - [25/Apr/2026:09:38:05 +0000] "GET /api/users HTTP/1.1" 404 2878 "-" "Mozilla/5.0" rt=210ms
10.0.5.159 - - [25/Apr/2026:09:38:21 +0000] "GET /healthz HTTP/1.1" 200 7466 "-" "Mozilla/5.0" rt=136ms
10.0.3.88 - - [25/Apr/2026:09:38:26 +0000] "GET /api/products HTTP/1.1" 200 3369 "-" "Mozilla/5.0" rt=162ms
10.0.1.179 - - [25/Apr/2026:09:38:50 +0000] "GET /api/products HTTP/1.1" 200 6935 "-" "Mozilla/5.0" rt=135ms
10.0.3.21 - - [25/Apr/2026:09:39:08 +0000] "GET /api/products HTTP/1.1" 200 4040 "-" "Mozilla/5.0" rt=213ms
10.0.2.27 - - [25/Apr/2026:09:39:09 +0000] "POST /api/checkout HTTP/1.1" 200 3562 "-" "Mozilla/5.0" rt=154ms
10.0.0.190 - - [25/Apr/2026:09:39:19 +0000] "GET /api/products HTTP/1.1" 200 5520 "-" "Mozilla/5.0" rt=205ms
10.0.5.59 - - [25/Apr/2026:09:39:44 +0000] "GET /api/products HTTP/1.1" 404 570 "-" "Mozilla/5.0" rt=154ms
10.0.1.130 - - [25/Apr/2026:09:40:00 +0000] "POST /api/users HTTP/1.1" 404 5226 "-" "Mozilla/5.0" rt=203ms
10.0.0.98 - - [25/Apr/2026:09:40:27 +0000] "POST /api/products HTTP/1.1" 200 408 "-" "Mozilla/5.0" rt=151ms
10.0.4.109 - - [25/Apr/2026:09:40:50 +0000] "GET /api/cart HTTP/1.1" 200 2719 "-" "Mozilla/5.0" rt=112ms
10.0.2.155 - - [25/Apr/2026:09:40:55 +0000] "GET /api/products HTTP/1.1" 200 4260 "-" "Mozilla/5.0" rt=203ms
10.0.0.250 - - [25/Apr/2026:09:41:15 +0000] "POST /api/products HTTP/1.1" 404 660 "-" "Mozilla/5.0" rt=185ms
10.0.5.159 - - [25/Apr/2026:09:41:20 +0000] "GET /api/cart HTTP/1.1" 200 5574 "-" "Mozilla/5.0" rt=127ms
10.0.0.98 - - [25/Apr/2026:09:41:37 +0000] "GET /api/checkout HTTP/1.1" 200 7622 "-" "Mozilla/5.0" rt=141ms
10.0.2.148 - - [25/Apr/2026:09:41:48 +0000] "POST /api/checkout HTTP/1.1" 500 7257 "-" "Mozilla/5.0" rt=4952ms
10.0.3.151 - - [25/Apr/2026:09:42:10 +0000] "GET /api/products HTTP/1.1" 200 7992 "-" "Mozilla/5.0" rt=68ms
10.0.1.181 - - [25/Apr/2026:09:42:19 +0000] "GET /static/main.css HTTP/1.1" 200 6467 "-" "Mozilla/5.0" rt=78ms
10.0.5.167 - - [25/Apr/2026:09:42:42 +0000] "POST /api/products HTTP/1.1" 200 2747 "-" "Mozilla/5.0" rt=127ms
10.0.1.181 - - [25/Apr/2026:09:42:54 +0000] "POST /api/checkout HTTP/1.1" 200 2507 "-" "Mozilla/5.0" rt=36ms
10.0.2.148 - - [25/Apr/2026:09:43:13 +0000] "GET /api/orders HTTP/1.1" 200 7970 "-" "Mozilla/5.0" rt=202ms
10.0.0.56 - - [25/Apr/2026:09:43:39 +0000] "GET /static/main.css HTTP/1.1" 200 7975 "-" "Mozilla/5.0" rt=187ms
10.0.1.246 - - [25/Apr/2026:09:43:42 +0000] "POST /healthz HTTP/1.1" 200 6272 "-" "Mozilla/5.0" rt=127ms
10.0.4.51 - - [25/Apr/2026:09:43:49 +0000] "GET /api/products HTTP/1.1" 200 7793 "-" "Mozilla/5.0" rt=148ms
10.0.2.208 - - [25/Apr/2026:09:44:12 +0000] "GET /api/products HTTP/1.1" 200 6219 "-" "Mozilla/5.0" rt=155ms
10.0.3.57 - - [25/Apr/2026:09:44:20 +0000] "POST /api/users HTTP/1.1" 200 1998 "-" "Mozilla/5.0" rt=168ms
10.0.1.36 - - [25/Apr/2026:09:44:28 +0000] "GET /api/auth/login HTTP/1.1" 200 6026 "-" "Mozilla/5.0" rt=125ms
10.0.0.8 - - [25/Apr/2026:09:44:32 +0000] "GET /api/users HTTP/1.1" 200 3483 "-" "Mozilla/5.0" rt=172ms
10.0.0.250 - - [25/Apr/2026:09:45:02 +0000] "POST /healthz HTTP/1.1" 200 6342 "-" "Mozilla/5.0" rt=78ms
10.0.0.195 - - [25/Apr/2026:09:45:13 +0000] "GET /api/cart HTTP/1.1" 500 882 "-" "Mozilla/5.0" rt=4671ms
10.0.5.140 - - [25/Apr/2026:09:45:32 +0000] "POST /api/users HTTP/1.1" 404 7115 "-" "Mozilla/5.0" rt=244ms
10.0.4.7 - - [25/Apr/2026:09:45:34 +0000] "GET /api/orders HTTP/1.1" 200 7000 "-" "Mozilla/5.0" rt=106ms
10.0.3.21 - - [25/Apr/2026:09:46:00 +0000] "PUT /api/products HTTP/1.1" 200 7332 "-" "Mozilla/5.0" rt=14ms
10.0.1.179 - - [25/Apr/2026:09:46:01 +0000] "GET /api/products HTTP/1.1" 200 7755 "-" "Mozilla/5.0" rt=90ms
10.0.3.138 - - [25/Apr/2026:09:46:11 +0000] "GET /api/cart HTTP/1.1" 200 4196 "-" "Mozilla/5.0" rt=232ms
10.0.4.76 - - [25/Apr/2026:09:46:16 +0000] "GET /healthz HTTP/1.1" 200 6775 "-" "Mozilla/5.0" rt=33ms
10.0.1.130 - - [25/Apr/2026:09:46:27 +0000] "GET /api/products HTTP/1.1" 200 2257 "-" "Mozilla/5.0" rt=188ms
10.0.5.29 - - [25/Apr/2026:09:46:33 +0000] "GET /api/products HTTP/1.1" 200 4801 "-" "Mozilla/5.0" rt=177ms
10.0.4.51 - - [25/Apr/2026:09:46:58 +0000] "GET /api/products HTTP/1.1" 200 7498 "-" "Mozilla/5.0" rt=108ms
10.0.2.207 - - [25/Apr/2026:09:47:25 +0000] "GET /api/users HTTP/1.1" 200 3433 "-" "Mozilla/5.0" rt=176ms
10.0.4.7 - - [25/Apr/2026:09:47:29 +0000] "GET /api/products HTTP/1.1" 200 7816 "-" "Mozilla/5.0" rt=68ms
10.0.3.151 - - [25/Apr/2026:09:47:30 +0000] "GET /api/orders HTTP/1.1" 200 6324 "-" "Mozilla/5.0" rt=73ms
10.0.1.179 - - [25/Apr/2026:09:47:41 +0000] "POST /api/products HTTP/1.1" 200 243 "-" "Mozilla/5.0" rt=71ms
10.0.2.27 - - [25/Apr/2026:09:48:02 +0000] "GET /api/products HTTP/1.1" 200 5620 "-" "Mozilla/5.0" rt=35ms
10.0.1.179 - - [25/Apr/2026:09:48:17 +0000] "GET /api/products HTTP/1.1" 301 4266 "-" "Mozilla/5.0" rt=241ms
10.0.1.179 - - [25/Apr/2026:09:48:46 +0000] "GET /api/products HTTP/1.1" 200 7654 "-" "Mozilla/5.0" rt=245ms
10.0.2.27 - - [25/Apr/2026:09:48:56 +0000] "GET /api/products HTTP/1.1" 200 7992 "-" "Mozilla/5.0" rt=39ms
10.0.0.56 - - [25/Apr/2026:09:49:12 +0000] "PUT /healthz HTTP/1.1" 200 3210 "-" "Mozilla/5.0" rt=111ms
10.0.1.181 - - [25/Apr/2026:09:49:35 +0000] "PUT /healthz HTTP/1.1" 200 6719 "-" "Mozilla/5.0" rt=175ms
10.0.5.167 - - [25/Apr/2026:09:50:02 +0000] "GET /api/checkout HTTP/1.1" 301 6332 "-" "Mozilla/5.0" rt=157ms
10.0.5.190 - - [25/Apr/2026:09:50:30 +0000] "GET /api/users HTTP/1.1" 200 5915 "-" "Mozilla/5.0" rt=97ms
10.0.0.12 - - [25/Apr/2026:09:50:33 +0000] "GET /api/auth/login HTTP/1.1" 200 7546 "-" "Mozilla/5.0" rt=134ms
10.0.0.12 - - [25/Apr/2026:09:50:40 +0000] "GET /api/users HTTP/1.1" 200 2837 "-" "Mozilla/5.0" rt=223ms
10.0.0.187 - - [25/Apr/2026:09:50:57 +0000] "POST /api/auth/login HTTP/1.1" 200 6022 "-" "Mozilla/5.0" rt=154ms
10.0.5.190 - - [25/Apr/2026:09:51:13 +0000] "GET /api/users HTTP/1.1" 200 3864 "-" "Mozilla/5.0" rt=38ms
10.0.2.155 - - [25/Apr/2026:09:51:30 +0000] "GET /healthz HTTP/1.1" 200 4727 "-" "Mozilla/5.0" rt=123ms
10.0.1.179 - - [25/Apr/2026:09:51:52 +0000] "GET /api/products HTTP/1.1" 200 2234 "-" "Mozilla/5.0" rt=214ms
10.0.5.167 - - [25/Apr/2026:09:51:53 +0000] "GET /api/products HTTP/1.1" 200 3620 "-" "Mozilla/5.0" rt=93ms
10.0.5.27 - - [25/Apr/2026:09:52:16 +0000] "GET /api/users HTTP/1.1" 200 7799 "-" "Mozilla/5.0" rt=125ms
10.0.0.195 - - [25/Apr/2026:09:52:18 +0000] "GET /api/orders HTTP/1.1" 500 1259 "-" "Mozilla/5.0" rt=4627ms
10.0.2.155 - - [25/Apr/2026:09:52:42 +0000] "GET /api/checkout HTTP/1.1" 200 7273 "-" "Mozilla/5.0" rt=239ms
10.0.0.98 - - [25/Apr/2026:09:53:12 +0000] "GET /api/orders HTTP/1.1" 301 5571 "-" "Mozilla/5.0" rt=228ms
10.0.0.8 - - [25/Apr/2026:09:53:30 +0000] "GET /api/cart HTTP/1.1" 200 1612 "-" "Mozilla/5.0" rt=142ms
10.0.5.159 - - [25/Apr/2026:09:53:43 +0000] "POST /api/products HTTP/1.1" 200 6988 "-" "Mozilla/5.0" rt=5ms
10.0.0.190 - - [25/Apr/2026:09:54:08 +0000] "GET /static/main.css HTTP/1.1" 301 6040 "-" "Mozilla/5.0" rt=144ms
10.0.2.148 - - [25/Apr/2026:09:54:22 +0000] "GET /api/orders HTTP/1.1" 200 3923 "-" "Mozilla/5.0" rt=93ms
10.0.2.208 - - [25/Apr/2026:09:54:27 +0000] "POST /api/cart HTTP/1.1" 500 1074 "-" "Mozilla/5.0" rt=2131ms
10.0.2.155 - - [25/Apr/2026:09:54:53 +0000] "DELETE /api/products HTTP/1.1" 200 2121 "-" "Mozilla/5.0" rt=57ms
10.0.4.23 - - [25/Apr/2026:09:54:56 +0000] "GET /api/products HTTP/1.1" 200 5047 "-" "Mozilla/5.0" rt=177ms
10.0.1.36 - - [25/Apr/2026:09:55:19 +0000] "POST /api/cart HTTP/1.1" 200 3445 "-" "Mozilla/5.0" rt=117ms
10.0.2.148 - - [25/Apr/2026:09:55:27 +0000] "PUT /api/cart HTTP/1.1" 500 612 "-" "Mozilla/5.0" rt=2573ms
10.0.0.195 - - [25/Apr/2026:09:55:44 +0000] "POST /api/cart HTTP/1.1" 200 2762 "-" "Mozilla/5.0" rt=152ms
10.0.3.88 - - [25/Apr/2026:09:56:04 +0000] "GET /api/cart HTTP/1.1" 200 5558 "-" "Mozilla/5.0" rt=138ms
10.0.2.155 - - [25/Apr/2026:09:56:12 +0000] "GET /static/main.css HTTP/1.1" 200 4710 "-" "Mozilla/5.0" rt=247ms
10.0.4.7 - - [25/Apr/2026:09:56:31 +0000] "POST /api/cart HTTP/1.1" 200 4703 "-" "Mozilla/5.0" rt=131ms
